// Jest Snapshot v1, https://goo.gl/fbAQLP

exports[`css-spring matches snapshots 1`] = `
Object {
  "0%": Object {
    "border": "1px solid #0000fe",
    "left": "calc(10px + 9.99rem)",
    "opacity": "0.5",
    "padding": "49.87rem 0.01em 10px 10.01rem",
    "transform": "translate(10px 3em) rotate(24.99deg) scale(0.5)",
  },
  "1%": Object {
    "border": "1px solid #0900f5",
    "left": "calc(17px + 9.61rem)",
    "opacity": "0.52",
    "padding": "40.29rem 0.39em 10px 10.39rem",
    "transform": "translate(10px 2.96em) rotate(24.61deg) scale(0.52)",
  },
  "10%": Object {
    "border": "3px solid #15ffe8",
    "left": "calc(218px + -0.92rem)",
    "opacity": "1.05",
    "padding": "-223.06rem 10.92em -1px 20.92rem",
    "transform": "translate(5px 1.91em) rotate(14.08deg) scale(1.05)",
  },
  "100%": Object {
    "border": "3px solid #ff0000",
    "left": "calc(200px + 0)",
    "opacity": "1",
    "padding": "-200rem 10em 0 20rem",
    "transform": "translate(5px 2em) rotate(15deg) scale(1)",
  },
  "11%": Object {
    "border": "3px solid #25ffd8",
    "left": "calc(229px + -1.55rem)",
    "opacity": "1.08",
    "padding": "-238.81rem 11.55em -2px 21.55rem",
    "transform": "translate(4px 1.84em) rotate(13.45deg) scale(1.08)",
  },
  "12%": Object {
    "border": "3px solid #30ffcd",
    "left": "calc(238px + -2rem)",
    "opacity": "1.1",
    "padding": "-249.88rem 12em -2px 22rem",
    "transform": "translate(4px 1.8em) rotate(13deg) scale(1.1)",
  },
  "13%": Object {
    "border": "3px solid #38ffc5",
    "left": "calc(243px + -2.28rem)",
    "opacity": "1.11",
    "padding": "-256.99rem 12.28em -2px 22.28rem",
    "transform": "translate(4px 1.77em) rotate(12.72deg) scale(1.11)",
  },
  "14%": Object {
    "border": "3px solid #3affc3",
    "left": "calc(245px + -2.37rem)",
    "opacity": "1.12",
    "padding": "-259.34rem 12.37em -2px 22.37rem",
    "transform": "translate(4px 1.76em) rotate(12.63deg) scale(1.12)",
  },
  "15%": Object {
    "border": "3px solid #39ffc4",
    "left": "calc(244px + -2.33rem)",
    "opacity": "1.12",
    "padding": "-258.36rem 12.33em -2px 22.33rem",
    "transform": "translate(4px 1.77em) rotate(12.67deg) scale(1.12)",
  },
  "16%": Object {
    "border": "3px solid #35ffc8",
    "left": "calc(242px + -2.19rem)",
    "opacity": "1.11",
    "padding": "-254.69rem 12.19em -2px 22.19rem",
    "transform": "translate(4px 1.78em) rotate(12.81deg) scale(1.11)",
  },
  "17%": Object {
    "border": "3px solid #2fffce",
    "left": "calc(237px + -1.93rem)",
    "opacity": "1.1",
    "padding": "-248.32rem 11.93em -2px 21.93rem",
    "transform": "translate(4px 1.81em) rotate(13.07deg) scale(1.1)",
  },
  "18%": Object {
    "border": "3px solid #27ffd6",
    "left": "calc(231px + -1.64rem)",
    "opacity": "1.08",
    "padding": "-241.1rem 11.64em -2px 21.64rem",
    "transform": "translate(4px 1.84em) rotate(13.36deg) scale(1.08)",
  },
  "19%": Object {
    "border": "3px solid #1fffde",
    "left": "calc(225px + -1.33rem)",
    "opacity": "1.07",
    "padding": "-233.13rem 11.33em -1px 21.33rem",
    "transform": "translate(4px 1.87em) rotate(13.67deg) scale(1.07)",
  },
  "2%": Object {
    "border": "1px solid #1d00e1",
    "left": "calc(32px + 8.83rem)",
    "opacity": "0.56",
    "padding": "20.81rem 1.17em 9px 11.17rem",
    "transform": "translate(9px 2.88em) rotate(23.83deg) scale(0.56)",
  },
  "20%": Object {
    "border": "3px solid #16ffe7",
    "left": "calc(218px + -0.97rem)",
    "opacity": "1.05",
    "padding": "-224.13rem 10.97em -1px 20.97rem",
    "transform": "translate(5px 1.9em) rotate(14.03deg) scale(1.05)",
  },
  "21%": Object {
    "border": "3px solid #0effef",
    "left": "calc(212px + -0.65rem)",
    "opacity": "1.03",
    "padding": "-216.2rem 10.65em -1px 20.65rem",
    "transform": "translate(5px 1.94em) rotate(14.35deg) scale(1.03)",
  },
  "22%": Object {
    "border": "3px solid #07fff6",
    "left": "calc(207px + -0.36rem)",
    "opacity": "1.02",
    "padding": "-208.88rem 10.36em 0 20.36rem",
    "transform": "translate(5px 1.96em) rotate(14.64deg) scale(1.02)",
  },
  "23%": Object {
    "border": "3px solid #fffffe",
    "left": "calc(201px + -0.07rem)",
    "opacity": "1",
    "padding": "-201.81rem 10.07em 0 20.07rem",
    "transform": "translate(5px 1.99em) rotate(14.93deg) scale(1)",
  },
  "24%": Object {
    "border": "3px solid #fb0003",
    "left": "calc(197px + 0.14rem)",
    "opacity": "0.99",
    "padding": "-196.47rem 9.86em 0 19.86rem",
    "transform": "translate(5px 2.01em) rotate(15.14deg) scale(0.99)",
  },
  "25%": Object {
    "border": "3px solid #f70007",
    "left": "calc(194px + 0.31rem)",
    "opacity": "0.98",
    "padding": "-192.24rem 9.69em 0 19.69rem",
    "transform": "translate(5px 2.03em) rotate(15.31deg) scale(0.98)",
  },
  "26%": Object {
    "border": "3px solid #f3000b",
    "left": "calc(192px + 0.44rem)",
    "opacity": "0.98",
    "padding": "-188.89rem 9.56em 0 19.56rem",
    "transform": "translate(5px 2.04em) rotate(15.44deg) scale(0.98)",
  },
  "27%": Object {
    "border": "3px solid #f1000d",
    "left": "calc(190px + 0.52rem)",
    "opacity": "0.97",
    "padding": "-186.98rem 9.48em 1px 19.48rem",
    "transform": "translate(5px 2.05em) rotate(15.52deg) scale(0.97)",
  },
  "28%": Object {
    "border": "3px solid #f0000e",
    "left": "calc(189px + 0.56rem)",
    "padding": "-186.04rem 9.44em 1px 19.44rem",
    "transform": "translate(5px 2.06em) rotate(15.56deg) scale(0.97)",
  },
  "29%": Object {
    "border": "3px solid #f0000e",
    "left": "calc(189px + 0.56rem)",
    "padding": "-185.95rem 9.44em 1px 19.44rem",
    "transform": "translate(5px 2.06em) rotate(15.56deg) scale(0.97)",
  },
  "3%": Object {
    "border": "1px solid #3900c5",
    "left": "calc(53px + 7.76rem)",
    "opacity": "0.61",
    "padding": "-6.08rem 2.24em 8px 12.24rem",
    "transform": "translate(9px 2.78em) rotate(22.76deg) scale(0.61)",
  },
  "30%": Object {
    "border": "3px solid #f1000d",
    "left": "calc(190px + 0.53rem)",
    "opacity": "0.97",
    "padding": "-186.66rem 9.47em 1px 19.47rem",
    "transform": "translate(5px 2.05em) rotate(15.53deg) scale(0.97)",
  },
  "31%": Object {
    "border": "3px solid #f2000c",
    "left": "calc(191px + 0.48rem)",
    "opacity": "0.98",
    "padding": "-187.88rem 9.52em 0 19.52rem",
    "transform": "translate(5px 2.05em) rotate(15.48deg) scale(0.98)",
  },
  "32%": Object {
    "border": "3px solid #f4000a",
    "left": "calc(192px + 0.42rem)",
    "padding": "-189.47rem 9.58em 0 19.58rem",
    "transform": "translate(5px 2.04em) rotate(15.42deg) scale(0.98)",
  },
  "33%": Object {
    "border": "3px solid #f60008",
    "left": "calc(194px + 0.34rem)",
    "opacity": "0.98",
    "padding": "-191.5rem 9.66em 0 19.66rem",
    "transform": "translate(5px 2.03em) rotate(15.34deg) scale(0.98)",
  },
  "34%": Object {
    "border": "3px solid #f80006",
    "left": "calc(195px + 0.26rem)",
    "opacity": "0.99",
    "padding": "-193.44rem 9.74em 0 19.74rem",
    "transform": "translate(5px 2.03em) rotate(15.26deg) scale(0.99)",
  },
  "35%": Object {
    "border": "3px solid #fa0004",
    "left": "calc(196px + 0.19rem)",
    "padding": "-195.36rem 9.81em 0 19.81rem",
    "transform": "translate(5px 2.02em) rotate(15.19deg) scale(0.99)",
  },
  "36%": Object {
    "border": "3px solid #fc0002",
    "left": "calc(198px + 0.11rem)",
    "opacity": "0.99",
    "padding": "-197.34rem 9.89em 0 19.89rem",
    "transform": "translate(5px 2.01em) rotate(15.11deg) scale(0.99)",
  },
  "37%": Object {
    "border": "3px solid #fd0001",
    "left": "calc(199px + 0.04rem)",
    "opacity": "1",
    "padding": "-198.95rem 9.96em 0 19.96rem",
    "transform": "translate(5px 2em) rotate(15.04deg) scale(1)",
  },
  "38%": Object {
    "border": "3px solid #feffff",
    "left": "calc(200px + -0.01rem)",
    "padding": "-200.33rem 10.01em 0 20.01rem",
    "transform": "translate(5px 2em) rotate(14.99deg) scale(1)",
  },
  "39%": Object {
    "border": "3px solid #fffffe",
    "left": "calc(201px + -0.06rem)",
    "padding": "-201.54rem 10.06em 0 20.06rem",
    "transform": "translate(5px 1.99em) rotate(14.94deg) scale(1)",
  },
  "4%": Object {
    "border": "2px solid #5c00a2",
    "left": "calc(79px + 6.36rem)",
    "opacity": "0.68",
    "padding": "-41.09rem 3.64em 6px 13.64rem",
    "transform": "translate(8px 2.64em) rotate(21.36deg) scale(0.68)",
  },
  "40%": Object {
    "border": "3px solid #00fffd",
    "left": "calc(202px + -0.09rem)",
    "opacity": "1",
    "padding": "-202.37rem 10.09em 0 20.09rem",
    "transform": "translate(5px 1.99em) rotate(14.91deg) scale(1)",
  },
  "41%": Object {
    "border": "3px solid #00fffd",
    "left": "calc(202px + -0.12rem)",
    "opacity": "1.01",
    "padding": "-202.93rem 10.12em 0 20.12rem",
    "transform": "translate(5px 1.99em) rotate(14.88deg) scale(1.01)",
  },
  "42%": Object {
    "border": "3px solid #01fffc",
    "left": "calc(202px + -0.13rem)",
    "padding": "-203.27rem 10.13em 0 20.13rem",
    "transform": "translate(5px 1.99em) rotate(14.87deg) scale(1.01)",
  },
  "43%": Object {
    "left": "calc(203px + -0.13rem)",
    "padding": "-203.35rem 10.13em 0 20.13rem",
  },
  "44%": Object {
    "left": "calc(202px + -0.13rem)",
    "padding": "-203.26rem 10.13em 0 20.13rem",
    "transform": "translate(5px 1.99em) rotate(14.87deg) scale(1.01)",
  },
  "45%": Object {
    "border": "3px solid #01fffc",
    "left": "calc(202px + -0.12rem)",
    "padding": "-203.02rem 10.12em 0 20.12rem",
    "transform": "translate(5px 1.99em) rotate(14.88deg) scale(1.01)",
  },
  "46%": Object {
    "border": "3px solid #00fffd",
    "left": "calc(202px + -0.11rem)",
    "opacity": "1.01",
    "padding": "-202.63rem 10.11em 0 20.11rem",
    "transform": "translate(5px 1.99em) rotate(14.89deg) scale(1.01)",
  },
  "47%": Object {
    "border": "3px solid #00fffd",
    "left": "calc(202px + -0.09rem)",
    "opacity": "1",
    "padding": "-202.21rem 10.09em 0 20.09rem",
    "transform": "translate(5px 1.99em) rotate(14.91deg) scale(1)",
  },
  "48%": Object {
    "border": "3px solid #fffffe",
    "left": "calc(201px + -0.07rem)",
    "padding": "-201.76rem 10.07em 0 20.07rem",
    "transform": "translate(5px 1.99em) rotate(14.93deg) scale(1)",
  },
  "49%": Object {
    "border": "3px solid #fffffe",
    "left": "calc(201px + -0.05rem)",
    "padding": "-201.25rem 10.05em 0 20.05rem",
    "transform": "translate(5px 1.99em) rotate(14.95deg) scale(1)",
  },
  "5%": Object {
    "border": "2px solid #7f007f",
    "left": "calc(105px + 4.99rem)",
    "opacity": "0.75",
    "padding": "-75.27rem 5.01em 5px 15.01rem",
    "transform": "translate(7px 2.5em) rotate(19.99deg) scale(0.75)",
  },
  "50%": Object {
    "border": "3px solid #feffff",
    "left": "calc(201px + -0.03rem)",
    "padding": "-200.81rem 10.03em 0 20.03rem",
    "transform": "translate(5px 2em) rotate(14.97deg) scale(1)",
  },
  "51%": Object {
    "left": "calc(200px + -0.02rem)",
    "padding": "-200.41rem 10.02em 0 20.02rem",
    "transform": "translate(5px 2em) rotate(14.98deg) scale(1)",
  },
  "52%": Object {
    "border": "3px solid #feffff",
    "left": "calc(200px + 0)",
    "padding": "-200.02rem 10em 0 20rem",
    "transform": "translate(5px 2em) rotate(15deg) scale(1)",
  },
  "53%": Object {
    "border": "3px solid #fe0000",
    "left": "calc(200px + 0.01rem)",
    "padding": "-199.74rem 9.99em 0 19.99rem",
    "transform": "translate(5px 2em) rotate(15.01deg) scale(1)",
  },
  "54%": Object {
    "left": "calc(200px + 0.02rem)",
    "padding": "-199.51rem 9.98em 0 19.98rem",
    "transform": "translate(5px 2em) rotate(15.02deg) scale(1)",
  },
  "55%": Object {
    "left": "calc(199px + 0.03rem)",
    "padding": "-199.34rem 9.97em 0 19.97rem",
    "transform": "translate(5px 2em) rotate(15.03deg) scale(1)",
  },
  "56%": Object {
    "padding": "-199.25rem 9.97em 0 19.97rem",
  },
  "57%": Object {
    "padding": "-199.21rem 9.97em 0 19.97rem",
  },
  "58%": Object {
    "padding": "-199.21rem 9.97em 0 19.97rem",
  },
  "59%": Object {
    "padding": "-199.26rem 9.97em 0 19.97rem",
  },
  "6%": Object {
    "border": "2px solid #a2005c",
    "left": "calc(131px + 3.62rem)",
    "opacity": "0.82",
    "padding": "-109.56rem 6.38em 4px 16.38rem",
    "transform": "translate(7px 2.36em) rotate(18.62deg) scale(0.82)",
  },
  "60%": Object {
    "left": "calc(199px + 0.03rem)",
    "padding": "-199.34rem 9.97em 0 19.97rem",
    "transform": "translate(5px 2em) rotate(15.03deg) scale(1)",
  },
  "61%": Object {
    "left": "calc(200px + 0.02rem)",
    "padding": "-199.43rem 9.98em 0 19.98rem",
    "transform": "translate(5px 2em) rotate(15.02deg) scale(1)",
  },
  "62%": Object {
    "left": "calc(200px + 0.02rem)",
    "padding": "-199.55rem 9.98em 0 19.98rem",
    "transform": "translate(5px 2em) rotate(15.02deg) scale(1)",
  },
  "63%": Object {
    "left": "calc(200px + 0.01rem)",
    "padding": "-199.66rem 9.99em 0 19.99rem",
    "transform": "translate(5px 2em) rotate(15.01deg) scale(1)",
  },
  "64%": Object {
    "padding": "-199.76rem 9.99em 0 19.99rem",
  },
  "65%": Object {
    "left": "calc(200px + 0.01rem)",
    "padding": "-199.87rem 9.99em 0 19.99rem",
    "transform": "translate(5px 2em) rotate(15.01deg) scale(1)",
  },
  "66%": Object {
    "border": "3px solid #fe0000",
    "left": "calc(200px + 0)",
    "padding": "-199.96rem 10em 0 20rem",
    "transform": "translate(5px 2em) rotate(15deg) scale(1)",
  },
  "67%": Object {
    "border": "3px solid #feffff",
    "padding": "-200.04rem 10em 0 20rem",
  },
  "68%": Object {
    "left": "calc(200px + 0)",
    "padding": "-200.1rem 10em 0 20rem",
    "transform": "translate(5px 2em) rotate(15deg) scale(1)",
  },
  "69%": Object {
    "left": "calc(200px + -0.01rem)",
    "padding": "-200.14rem 10.01em 0 20.01rem",
    "transform": "translate(5px 2em) rotate(14.99deg) scale(1)",
  },
  "7%": Object {
    "border": "3px solid #c70037",
    "left": "calc(158px + 2.19rem)",
    "opacity": "0.89",
    "padding": "-145.37rem 7.81em 2px 17.81rem",
    "transform": "translate(6px 2.22em) rotate(17.19deg) scale(0.89)",
  },
  "70%": Object {
    "padding": "-200.17rem 10.01em 0 20.01rem",
  },
  "71%": Object {
    "padding": "-200.19rem 10.01em 0 20.01rem",
  },
  "72%": Object {
    "padding": "-200.19rem 10.01em 0 20.01rem",
  },
  "73%": Object {
    "padding": "-200.18rem 10.01em 0 20.01rem",
  },
  "74%": Object {
    "padding": "-200.17rem 10.01em 0 20.01rem",
  },
  "75%": Object {
    "left": "calc(200px + -0.01rem)",
    "padding": "-200.14rem 10.01em 0 20.01rem",
    "transform": "translate(5px 2em) rotate(14.99deg) scale(1)",
  },
  "76%": Object {
    "left": "calc(200px + 0)",
    "padding": "-200.12rem 10em 0 20rem",
    "transform": "translate(5px 2em) rotate(15deg) scale(1)",
  },
  "77%": Object {
    "padding": "-200.09rem 10em 0 20rem",
  },
  "78%": Object {
    "padding": "-200.06rem 10em 0 20rem",
  },
  "79%": Object {
    "padding": "-200.04rem 10em 0 20rem",
  },
  "8%": Object {
    "border": "3px solid #e50019",
    "left": "calc(181px + 1.01rem)",
    "opacity": "0.95",
    "padding": "-174.79rem 8.99em 1px 18.99rem",
    "transform": "translate(6px 2.1em) rotate(16.01deg) scale(0.95)",
  },
  "80%": Object {
    "border": "3px solid #feffff",
    "padding": "-200.02rem 10em 0 20rem",
  },
  "81%": Object {
    "border": "3px solid #fe0000",
    "padding": "-200rem 10em 0 20rem",
  },
  "82%": Object {
    "padding": "-199.98rem 10em 0 20rem",
  },
  "83%": Object {
    "padding": "-199.97rem 10em 0 20rem",
  },
  "84%": Object {
    "padding": "-199.96rem 10em 0 20rem",
  },
  "89%": Object {
    "padding": "-199.96rem 10em 0 20rem",
  },
  "9%": Object {
    "border": "3px solid #feffff",
    "left": "calc(200px + -0.01rem)",
    "opacity": "1",
    "padding": "-200.25rem 10.01em 0 20.01rem",
    "transform": "translate(5px 2em) rotate(14.99deg) scale(1)",
  },
  "90%": Object {
    "padding": "-199.97rem 10em 0 20rem",
  },
  "91%": Object {
    "padding": "-199.98rem 10em 0 20rem",
  },
  "92%": Object {
    "padding": "-199.98rem 10em 0 20rem",
  },
  "93%": Object {
    "padding": "-199.99rem 10em 0 20rem",
  },
  "94%": Object {
    "padding": "-199.99rem 10em 0 20rem",
  },
  "95%": Object {
    "border": "3px solid #fe0000",
    "padding": "-200rem 10em 0 20rem",
  },
  "96%": Object {
    "border": "3px solid #feffff",
    "padding": "-200rem 10em 0 20rem",
  },
  "97%": Object {
    "padding": "-200.01rem 10em 0 20rem",
  },
  "99%": Object {
    "border": "3px solid #feffff",
    "padding": "-200.01rem 10em 0 20rem",
  },
}
`;

exports[`css-spring matches snapshots 2`] = `
Object {
  "0%": Object {
    "border": "1px solid #0000fe",
  },
  "1%": Object {
    "border": "2px solid #0708f8",
  },
  "10%": Object {
    "border": "27px solid #cbee45",
  },
  "100%": Object {
    "border": "25px solid #bada55",
  },
  "11%": Object {
    "border": "29px solid #d6fb3a",
  },
  "12%": Object {
    "border": "30px solid #e00533",
  },
  "13%": Object {
    "border": "30px solid #e50b2e",
  },
  "14%": Object {
    "border": "31px solid #e70d2c",
  },
  "15%": Object {
    "border": "31px solid #e60c2d",
  },
  "16%": Object {
    "border": "30px solid #e3092f",
  },
  "17%": Object {
    "border": "30px solid #de0434",
  },
  "18%": Object {
    "border": "29px solid #d8fd39",
  },
  "19%": Object {
    "border": "28px solid #d2f63e",
  },
  "2%": Object {
    "border": "4px solid #1519eb",
  },
  "20%": Object {
    "border": "27px solid #cbef44",
  },
  "21%": Object {
    "border": "27px solid #c6e849",
  },
  "22%": Object {
    "border": "26px solid #c0e14e",
  },
  "23%": Object {
    "border": "25px solid #bbdb53",
  },
  "24%": Object {
    "border": "25px solid #b7d657",
  },
  "25%": Object {
    "border": "24px solid #b4d35a",
  },
  "26%": Object {
    "border": "24px solid #b1d05c",
  },
  "27%": Object {
    "border": "24px solid #b0ce5d",
  },
  "28%": Object {
    "border": "24px solid #afcd5e",
  },
  "29%": Object {
    "border": "24px solid #afcd5e",
  },
  "3%": Object {
    "border": "6px solid #2930d8",
  },
  "30%": Object {
    "border": "24px solid #b0ce5e",
  },
  "31%": Object {
    "border": "24px solid #b0cf5d",
  },
  "32%": Object {
    "border": "24px solid #b2d05c",
  },
  "33%": Object {
    "border": "24px solid #b3d25a",
  },
  "34%": Object {
    "border": "24px solid #b5d459",
  },
  "35%": Object {
    "border": "25px solid #b6d558",
  },
  "36%": Object {
    "border": "25px solid #b8d756",
  },
  "37%": Object {
    "border": "25px solid #b9d955",
  },
  "38%": Object {
    "border": "25px solid #bada54",
  },
  "39%": Object {
    "border": "25px solid #bbdb53",
  },
  "4%": Object {
    "border": "10px solid #434fc1",
  },
  "40%": Object {
    "border": "25px solid #bbdc53",
  },
  "41%": Object {
    "border": "25px solid #bcdc53",
  },
  "42%": Object {
    "border": "25px solid #bcdc52",
  },
  "45%": Object {
    "border": "25px solid #bcdc52",
  },
  "46%": Object {
    "border": "25px solid #bbdc53",
  },
  "47%": Object {
    "border": "25px solid #bbdb53",
  },
  "48%": Object {
    "border": "25px solid #bbdb53",
  },
  "49%": Object {
    "border": "25px solid #badb54",
  },
  "5%": Object {
    "border": "13px solid #5d6da9",
  },
  "50%": Object {
    "border": "25px solid #bada54",
  },
  "52%": Object {
    "border": "25px solid #bada54",
  },
  "53%": Object {
    "border": "25px solid #b9d955",
  },
  "6%": Object {
    "border": "16px solid #768b92",
  },
  "66%": Object {
    "border": "25px solid #b9d955",
  },
  "67%": Object {
    "border": "25px solid #bada54",
  },
  "7%": Object {
    "border": "20px solid #91aa7a",
  },
  "8%": Object {
    "border": "23px solid #a7c466",
  },
  "80%": Object {
    "border": "25px solid #bada54",
  },
  "81%": Object {
    "border": "25px solid #b9d955",
  },
  "9%": Object {
    "border": "25px solid #bada54",
  },
  "95%": Object {
    "border": "25px solid #b9d955",
  },
  "96%": Object {
    "border": "25px solid #bada54",
  },
  "99%": Object {
    "border": "25px solid #bada54",
  },
}
`;

exports[`css-spring matches snapshots 3`] = `undefined`;
